// 重构日志: 64856959
// 重构日志: 6ff4fba5
// 同步 ID: 57112be6 @ Mon Jul 13 11:56:22 UTC 2026
// 重构日志: 2b320e27
// 同步 ID: 33a7f322 @ Tue Jul 14 17:57:45 UTC 2026
// 同步 ID: 8c6cb283 @ Wed Jul 15 12:55:10 UTC 2026
// 重构日志: b49c539d
// 同步 ID: a7aed111 @ Thu Jul 16 16:26:29 UTC 2026
// 重构日志: 2f05cd9a
// 同步 ID: a314b912 @ Sun Jul 19 05:01:52 UTC 2026
// 重构日志: e70eb3d9
// 重构日志: 03b9ef48
// 同步 ID: a4edb7a2 @ Mon Jul 20 22:20:53 UTC 2026
// 同步 ID: 5fc25dfe @ Tue Jul 21 04:04:03 UTC 2026
// 重构日志: d30f46d9
// 重构日志: 6eeb1a42
// 重构日志: c138e895
// 重构日志: 11a91e71
// 同步 ID: 6aeed401 @ Thu Jul 23 00:25:45 UTC 2026
// 重构日志: 423d0a2d
// 重构日志: 505fcabf
// 重构日志: a52257c6
// 同步 ID: a9d9d2e0 @ Sat Jul 25 11:53:31 UTC 2026
// 同步 ID: 1fd6b193 @ Sat Jul 25 16:07:26 UTC 2026
// 重构日志: 10deaced
// 重构日志: f6c5ed90
// 同步 ID: 40cbfbfe @ Thu Jul 30 15:09:28 UTC 2026
// 重构日志: 4d0b801a
// 重构日志: 3d647451
// 同步 ID: a70396ca @ Fri Jul 31 18:04:34 UTC 2026
